
====================================================
 FIG. 5 (s_b,p~CN(0,1) variant): 2D Rydberg Channel Estimation
====================================================
Monte Carlo trials = 2000
Array I1 x I2      = 8 x 8
Users K            = 3
Fixed SNR          = 5 dB
Pilot lengths      = [5  10  15  20  25  30  35  40  45  50]
Reference pilot s_b,p ~ CN(0,1) (matching user pilot distribution)
====================================================

P= 5 : Monte Carlo 50 / 2000
P= 5 : Monte Carlo 100 / 2000
P= 5 : Monte Carlo 150 / 2000
P= 5 : Monte Carlo 200 / 2000
P= 5 : Monte Carlo 250 / 2000
P= 5 : Monte Carlo 300 / 2000
P= 5 : Monte Carlo 350 / 2000
P= 5 : Monte Carlo 400 / 2000
P= 5 : Monte Carlo 450 / 2000
P= 5 : Monte Carlo 500 / 2000
P= 5 : Monte Carlo 550 / 2000
P= 5 : Monte Carlo 600 / 2000
P= 5 : Monte Carlo 650 / 2000
P= 5 : Monte Carlo 700 / 2000
P= 5 : Monte Carlo 750 / 2000
P= 5 : Monte Carlo 800 / 2000
P= 5 : Monte Carlo 850 / 2000
P= 5 : Monte Carlo 900 / 2000
P= 5 : Monte Carlo 950 / 2000
P= 5 : Monte Carlo 1000 / 2000
P= 5 : Monte Carlo 1050 / 2000
P= 5 : Monte Carlo 1100 / 2000
P= 5 : Monte Carlo 1150 / 2000
P= 5 : Monte Carlo 1200 / 2000
P= 5 : Monte Carlo 1250 / 2000
P= 5 : Monte Carlo 1300 / 2000
P= 5 : Monte Carlo 1350 / 2000
P= 5 : Monte Carlo 1400 / 2000
P= 5 : Monte Carlo 1450 / 2000
P= 5 : Monte Carlo 1500 / 2000
P= 5 : Monte Carlo 1550 / 2000
P= 5 : Monte Carlo 1600 / 2000
P= 5 : Monte Carlo 1650 / 2000
P= 5 : Monte Carlo 1700 / 2000
P= 5 : Monte Carlo 1750 / 2000
P= 5 : Monte Carlo 1800 / 2000
P= 5 : Monte Carlo 1850 / 2000
P= 5 : Monte Carlo 1900 / 2000
P= 5 : Monte Carlo 1950 / 2000
P= 5 : Monte Carlo 2000 / 2000
P=10 : Monte Carlo 50 / 2000
P=10 : Monte Carlo 100 / 2000
P=10 : Monte Carlo 150 / 2000
P=10 : Monte Carlo 200 / 2000
P=10 : Monte Carlo 250 / 2000
P=10 : Monte Carlo 300 / 2000
P=10 : Monte Carlo 350 / 2000
P=10 : Monte Carlo 400 / 2000
P=10 : Monte Carlo 450 / 2000
P=10 : Monte Carlo 500 / 2000
P=10 : Monte Carlo 550 / 2000
P=10 : Monte Carlo 600 / 2000
P=10 : Monte Carlo 650 / 2000
P=10 : Monte Carlo 700 / 2000
P=10 : Monte Carlo 750 / 2000
P=10 : Monte Carlo 800 / 2000
P=10 : Monte Carlo 850 / 2000
P=10 : Monte Carlo 900 / 2000
P=10 : Monte Carlo 950 / 2000
P=10 : Monte Carlo 1000 / 2000
P=10 : Monte Carlo 1050 / 2000
P=10 : Monte Carlo 1100 / 2000
P=10 : Monte Carlo 1150 / 2000
P=10 : Monte Carlo 1200 / 2000
P=10 : Monte Carlo 1250 / 2000
P=10 : Monte Carlo 1300 / 2000
P=10 : Monte Carlo 1350 / 2000
P=10 : Monte Carlo 1400 / 2000
P=10 : Monte Carlo 1450 / 2000
P=10 : Monte Carlo 1500 / 2000
P=10 : Monte Carlo 1550 / 2000
P=10 : Monte Carlo 1600 / 2000
P=10 : Monte Carlo 1650 / 2000
P=10 : Monte Carlo 1700 / 2000
P=10 : Monte Carlo 1750 / 2000
P=10 : Monte Carlo 1800 / 2000
P=10 : Monte Carlo 1850 / 2000
P=10 : Monte Carlo 1900 / 2000
P=10 : Monte Carlo 1950 / 2000
P=10 : Monte Carlo 2000 / 2000
P=15 : Monte Carlo 50 / 2000
P=15 : Monte Carlo 100 / 2000
P=15 : Monte Carlo 150 / 2000
P=15 : Monte Carlo 200 / 2000
P=15 : Monte Carlo 250 / 2000
P=15 : Monte Carlo 300 / 2000
P=15 : Monte Carlo 350 / 2000
P=15 : Monte Carlo 400 / 2000
P=15 : Monte Carlo 450 / 2000
P=15 : Monte Carlo 500 / 2000
P=15 : Monte Carlo 550 / 2000
P=15 : Monte Carlo 600 / 2000
P=15 : Monte Carlo 650 / 2000
P=15 : Monte Carlo 700 / 2000
P=15 : Monte Carlo 750 / 2000
P=15 : Monte Carlo 800 / 2000
P=15 : Monte Carlo 850 / 2000
P=15 : Monte Carlo 900 / 2000
P=15 : Monte Carlo 950 / 2000
P=15 : Monte Carlo 1000 / 2000
P=15 : Monte Carlo 1050 / 2000
P=15 : Monte Carlo 1100 / 2000
P=15 : Monte Carlo 1150 / 2000
P=15 : Monte Carlo 1200 / 2000
P=15 : Monte Carlo 1250 / 2000
P=15 : Monte Carlo 1300 / 2000
P=15 : Monte Carlo 1350 / 2000
P=15 : Monte Carlo 1400 / 2000
P=15 : Monte Carlo 1450 / 2000
P=15 : Monte Carlo 1500 / 2000
P=15 : Monte Carlo 1550 / 2000
P=15 : Monte Carlo 1600 / 2000
P=15 : Monte Carlo 1650 / 2000
P=15 : Monte Carlo 1700 / 2000
P=15 : Monte Carlo 1750 / 2000
P=15 : Monte Carlo 1800 / 2000
P=15 : Monte Carlo 1850 / 2000
P=15 : Monte Carlo 1900 / 2000
P=15 : Monte Carlo 1950 / 2000
P=15 : Monte Carlo 2000 / 2000
P=20 : Monte Carlo 50 / 2000
P=20 : Monte Carlo 100 / 2000
P=20 : Monte Carlo 150 / 2000
P=20 : Monte Carlo 200 / 2000
P=20 : Monte Carlo 250 / 2000
P=20 : Monte Carlo 300 / 2000
P=20 : Monte Carlo 350 / 2000
P=20 : Monte Carlo 400 / 2000
P=20 : Monte Carlo 450 / 2000
P=20 : Monte Carlo 500 / 2000
P=20 : Monte Carlo 550 / 2000
P=20 : Monte Carlo 600 / 2000
P=20 : Monte Carlo 650 / 2000
P=20 : Monte Carlo 700 / 2000
P=20 : Monte Carlo 750 / 2000
P=20 : Monte Carlo 800 / 2000
P=20 : Monte Carlo 850 / 2000
P=20 : Monte Carlo 900 / 2000
P=20 : Monte Carlo 950 / 2000
P=20 : Monte Carlo 1000 / 2000
P=20 : Monte Carlo 1050 / 2000
P=20 : Monte Carlo 1100 / 2000
P=20 : Monte Carlo 1150 / 2000
P=20 : Monte Carlo 1200 / 2000
P=20 : Monte Carlo 1250 / 2000
P=20 : Monte Carlo 1300 / 2000
P=20 : Monte Carlo 1350 / 2000
P=20 : Monte Carlo 1400 / 2000
P=20 : Monte Carlo 1450 / 2000
P=20 : Monte Carlo 1500 / 2000
P=20 : Monte Carlo 1550 / 2000
P=20 : Monte Carlo 1600 / 2000
P=20 : Monte Carlo 1650 / 2000
P=20 : Monte Carlo 1700 / 2000
P=20 : Monte Carlo 1750 / 2000
P=20 : Monte Carlo 1800 / 2000
P=20 : Monte Carlo 1850 / 2000
P=20 : Monte Carlo 1900 / 2000
P=20 : Monte Carlo 1950 / 2000
P=20 : Monte Carlo 2000 / 2000
P=25 : Monte Carlo 50 / 2000
P=25 : Monte Carlo 100 / 2000
P=25 : Monte Carlo 150 / 2000
P=25 : Monte Carlo 200 / 2000
P=25 : Monte Carlo 250 / 2000
P=25 : Monte Carlo 300 / 2000
P=25 : Monte Carlo 350 / 2000
P=25 : Monte Carlo 400 / 2000
P=25 : Monte Carlo 450 / 2000
P=25 : Monte Carlo 500 / 2000
P=25 : Monte Carlo 550 / 2000
P=25 : Monte Carlo 600 / 2000
P=25 : Monte Carlo 650 / 2000
P=25 : Monte Carlo 700 / 2000
P=25 : Monte Carlo 750 / 2000
P=25 : Monte Carlo 800 / 2000
P=25 : Monte Carlo 850 / 2000
P=25 : Monte Carlo 900 / 2000
P=25 : Monte Carlo 950 / 2000
P=25 : Monte Carlo 1000 / 2000
P=25 : Monte Carlo 1050 / 2000
P=25 : Monte Carlo 1100 / 2000
P=25 : Monte Carlo 1150 / 2000
P=25 : Monte Carlo 1200 / 2000
P=25 : Monte Carlo 1250 / 2000
P=25 : Monte Carlo 1300 / 2000
P=25 : Monte Carlo 1350 / 2000
P=25 : Monte Carlo 1400 / 2000
P=25 : Monte Carlo 1450 / 2000
P=25 : Monte Carlo 1500 / 2000
P=25 : Monte Carlo 1550 / 2000
P=25 : Monte Carlo 1600 / 2000
P=25 : Monte Carlo 1650 / 2000
P=25 : Monte Carlo 1700 / 2000
P=25 : Monte Carlo 1750 / 2000
P=25 : Monte Carlo 1800 / 2000
P=25 : Monte Carlo 1850 / 2000
P=25 : Monte Carlo 1900 / 2000
P=25 : Monte Carlo 1950 / 2000
P=25 : Monte Carlo 2000 / 2000
P=30 : Monte Carlo 50 / 2000
P=30 : Monte Carlo 100 / 2000
P=30 : Monte Carlo 150 / 2000
P=30 : Monte Carlo 200 / 2000
P=30 : Monte Carlo 250 / 2000
P=30 : Monte Carlo 300 / 2000
P=30 : Monte Carlo 350 / 2000
P=30 : Monte Carlo 400 / 2000
P=30 : Monte Carlo 450 / 2000
P=30 : Monte Carlo 500 / 2000
P=30 : Monte Carlo 550 / 2000
P=30 : Monte Carlo 600 / 2000
P=30 : Monte Carlo 650 / 2000
P=30 : Monte Carlo 700 / 2000
P=30 : Monte Carlo 750 / 2000
P=30 : Monte Carlo 800 / 2000
P=30 : Monte Carlo 850 / 2000
P=30 : Monte Carlo 900 / 2000
P=30 : Monte Carlo 950 / 2000
P=30 : Monte Carlo 1000 / 2000
P=30 : Monte Carlo 1050 / 2000
P=30 : Monte Carlo 1100 / 2000
P=30 : Monte Carlo 1150 / 2000
P=30 : Monte Carlo 1200 / 2000
P=30 : Monte Carlo 1250 / 2000
P=30 : Monte Carlo 1300 / 2000
P=30 : Monte Carlo 1350 / 2000
P=30 : Monte Carlo 1400 / 2000
P=30 : Monte Carlo 1450 / 2000
P=30 : Monte Carlo 1500 / 2000
P=30 : Monte Carlo 1550 / 2000
P=30 : Monte Carlo 1600 / 2000
P=30 : Monte Carlo 1650 / 2000
P=30 : Monte Carlo 1700 / 2000
P=30 : Monte Carlo 1750 / 2000
P=30 : Monte Carlo 1800 / 2000
P=30 : Monte Carlo 1850 / 2000
P=30 : Monte Carlo 1900 / 2000
P=30 : Monte Carlo 1950 / 2000
P=30 : Monte Carlo 2000 / 2000
P=35 : Monte Carlo 50 / 2000
P=35 : Monte Carlo 100 / 2000
P=35 : Monte Carlo 150 / 2000
P=35 : Monte Carlo 200 / 2000
P=35 : Monte Carlo 250 / 2000
P=35 : Monte Carlo 300 / 2000
P=35 : Monte Carlo 350 / 2000
P=35 : Monte Carlo 400 / 2000
P=35 : Monte Carlo 450 / 2000
P=35 : Monte Carlo 500 / 2000
P=35 : Monte Carlo 550 / 2000
P=35 : Monte Carlo 600 / 2000
P=35 : Monte Carlo 650 / 2000
P=35 : Monte Carlo 700 / 2000
P=35 : Monte Carlo 750 / 2000
P=35 : Monte Carlo 800 / 2000
P=35 : Monte Carlo 850 / 2000
P=35 : Monte Carlo 900 / 2000
P=35 : Monte Carlo 950 / 2000
P=35 : Monte Carlo 1000 / 2000
P=35 : Monte Carlo 1050 / 2000
P=35 : Monte Carlo 1100 / 2000
P=35 : Monte Carlo 1150 / 2000
P=35 : Monte Carlo 1200 / 2000
P=35 : Monte Carlo 1250 / 2000
P=35 : Monte Carlo 1300 / 2000
P=35 : Monte Carlo 1350 / 2000
P=35 : Monte Carlo 1400 / 2000
P=35 : Monte Carlo 1450 / 2000
P=35 : Monte Carlo 1500 / 2000
P=35 : Monte Carlo 1550 / 2000
P=35 : Monte Carlo 1600 / 2000
P=35 : Monte Carlo 1650 / 2000
P=35 : Monte Carlo 1700 / 2000
P=35 : Monte Carlo 1750 / 2000
P=35 : Monte Carlo 1800 / 2000
P=35 : Monte Carlo 1850 / 2000
P=35 : Monte Carlo 1900 / 2000
P=35 : Monte Carlo 1950 / 2000
P=35 : Monte Carlo 2000 / 2000
P=40 : Monte Carlo 50 / 2000
P=40 : Monte Carlo 100 / 2000
P=40 : Monte Carlo 150 / 2000
P=40 : Monte Carlo 200 / 2000
P=40 : Monte Carlo 250 / 2000
P=40 : Monte Carlo 300 / 2000
P=40 : Monte Carlo 350 / 2000
P=40 : Monte Carlo 400 / 2000
P=40 : Monte Carlo 450 / 2000
P=40 : Monte Carlo 500 / 2000
P=40 : Monte Carlo 550 / 2000
P=40 : Monte Carlo 600 / 2000
P=40 : Monte Carlo 650 / 2000
P=40 : Monte Carlo 700 / 2000
P=40 : Monte Carlo 750 / 2000
P=40 : Monte Carlo 800 / 2000
P=40 : Monte Carlo 850 / 2000
P=40 : Monte Carlo 900 / 2000
P=40 : Monte Carlo 950 / 2000
P=40 : Monte Carlo 1000 / 2000
P=40 : Monte Carlo 1050 / 2000
P=40 : Monte Carlo 1100 / 2000
P=40 : Monte Carlo 1150 / 2000
P=40 : Monte Carlo 1200 / 2000
P=40 : Monte Carlo 1250 / 2000
P=40 : Monte Carlo 1300 / 2000
P=40 : Monte Carlo 1350 / 2000
P=40 : Monte Carlo 1400 / 2000
P=40 : Monte Carlo 1450 / 2000
P=40 : Monte Carlo 1500 / 2000
P=40 : Monte Carlo 1550 / 2000
P=40 : Monte Carlo 1600 / 2000
P=40 : Monte Carlo 1650 / 2000
P=40 : Monte Carlo 1700 / 2000
P=40 : Monte Carlo 1750 / 2000
P=40 : Monte Carlo 1800 / 2000
P=40 : Monte Carlo 1850 / 2000
P=40 : Monte Carlo 1900 / 2000
P=40 : Monte Carlo 1950 / 2000
P=40 : Monte Carlo 2000 / 2000
P=45 : Monte Carlo 50 / 2000
P=45 : Monte Carlo 100 / 2000
P=45 : Monte Carlo 150 / 2000
P=45 : Monte Carlo 200 / 2000
P=45 : Monte Carlo 250 / 2000
P=45 : Monte Carlo 300 / 2000
P=45 : Monte Carlo 350 / 2000
P=45 : Monte Carlo 400 / 2000
P=45 : Monte Carlo 450 / 2000
P=45 : Monte Carlo 500 / 2000
P=45 : Monte Carlo 550 / 2000
P=45 : Monte Carlo 600 / 2000
P=45 : Monte Carlo 650 / 2000
P=45 : Monte Carlo 700 / 2000
P=45 : Monte Carlo 750 / 2000
P=45 : Monte Carlo 800 / 2000
P=45 : Monte Carlo 850 / 2000
P=45 : Monte Carlo 900 / 2000
P=45 : Monte Carlo 950 / 2000
P=45 : Monte Carlo 1000 / 2000
P=45 : Monte Carlo 1050 / 2000
P=45 : Monte Carlo 1100 / 2000
P=45 : Monte Carlo 1150 / 2000
P=45 : Monte Carlo 1200 / 2000
P=45 : Monte Carlo 1250 / 2000
P=45 : Monte Carlo 1300 / 2000
P=45 : Monte Carlo 1350 / 2000
P=45 : Monte Carlo 1400 / 2000
P=45 : Monte Carlo 1450 / 2000
P=45 : Monte Carlo 1500 / 2000
P=45 : Monte Carlo 1550 / 2000
P=45 : Monte Carlo 1600 / 2000
P=45 : Monte Carlo 1650 / 2000
P=45 : Monte Carlo 1700 / 2000
P=45 : Monte Carlo 1750 / 2000
P=45 : Monte Carlo 1800 / 2000
P=45 : Monte Carlo 1850 / 2000
P=45 : Monte Carlo 1900 / 2000
P=45 : Monte Carlo 1950 / 2000
P=45 : Monte Carlo 2000 / 2000
P=50 : Monte Carlo 50 / 2000
P=50 : Monte Carlo 100 / 2000
P=50 : Monte Carlo 150 / 2000
P=50 : Monte Carlo 200 / 2000
P=50 : Monte Carlo 250 / 2000
P=50 : Monte Carlo 300 / 2000
P=50 : Monte Carlo 350 / 2000
P=50 : Monte Carlo 400 / 2000
P=50 : Monte Carlo 450 / 2000
P=50 : Monte Carlo 500 / 2000
P=50 : Monte Carlo 550 / 2000
P=50 : Monte Carlo 600 / 2000
P=50 : Monte Carlo 650 / 2000
P=50 : Monte Carlo 700 / 2000
P=50 : Monte Carlo 750 / 2000
P=50 : Monte Carlo 800 / 2000
P=50 : Monte Carlo 850 / 2000
P=50 : Monte Carlo 900 / 2000
P=50 : Monte Carlo 950 / 2000
P=50 : Monte Carlo 1000 / 2000
P=50 : Monte Carlo 1050 / 2000
P=50 : Monte Carlo 1100 / 2000
P=50 : Monte Carlo 1150 / 2000
P=50 : Monte Carlo 1200 / 2000
P=50 : Monte Carlo 1250 / 2000
P=50 : Monte Carlo 1300 / 2000
P=50 : Monte Carlo 1350 / 2000
P=50 : Monte Carlo 1400 / 2000
P=50 : Monte Carlo 1450 / 2000
P=50 : Monte Carlo 1500 / 2000
P=50 : Monte Carlo 1550 / 2000
P=50 : Monte Carlo 1600 / 2000
P=50 : Monte Carlo 1650 / 2000
P=50 : Monte Carlo 1700 / 2000
P=50 : Monte Carlo 1750 / 2000
P=50 : Monte Carlo 1800 / 2000
P=50 : Monte Carlo 1850 / 2000
P=50 : Monte Carlo 1900 / 2000
P=50 : Monte Carlo 1950 / 2000
P=50 : Monte Carlo 2000 / 2000

Empirical E|b|^2 / E|a+n|^2 (SNR=5 dB fixed)
------------------------------------------------------------
P= 5 | E|b|^2/E|a+n|^2 =  32.79 dB
P=10 | E|b|^2/E|a+n|^2 =  32.79 dB
P=15 | E|b|^2/E|a+n|^2 =  32.78 dB
P=20 | E|b|^2/E|a+n|^2 =  32.78 dB
P=25 | E|b|^2/E|a+n|^2 =  32.79 dB
P=30 | E|b|^2/E|a+n|^2 =  32.79 dB
P=35 | E|b|^2/E|a+n|^2 =  32.79 dB
P=40 | E|b|^2/E|a+n|^2 =  32.78 dB
P=45 | E|b|^2/E|a+n|^2 =  32.79 dB
P=50 | E|b|^2/E|a+n|^2 =  32.79 dB

Results
------------------------------------------------------------
P= 5 | PGD=    5.28 dB | CRLB=   -0.52 dB
P=10 | PGD=   -2.59 dB | CRLB=   -5.80 dB
P=15 | PGD=   -6.18 dB | CRLB=   -8.10 dB
P=20 | PGD=   -8.14 dB | CRLB=   -9.58 dB
P=25 | PGD=   -9.42 dB | CRLB=  -10.69 dB
P=30 | PGD=  -10.29 dB | CRLB=  -11.59 dB
P=35 | PGD=  -10.80 dB | CRLB=  -12.30 dB
P=40 | PGD=  -11.31 dB | CRLB=  -12.93 dB
P=45 | PGD=  -11.82 dB | CRLB=  -13.48 dB
P=50 | PGD=  -12.55 dB | CRLB=  -13.98 dB
[Warning: Exported image displays axes toolbar. To remove axes toolbar from image, export again.] 

====================================================
Simulation completed. Results saved to fig5.mat
Plot saved to fig5.png
====================================================
